
> taskpilot@0.0.0 build
> vite build

[36mvite v8.1.3 [32mbuilding client environment for production...[36m[39m
[2K
transforming...Γ£ô 2134 modules transformed.
node.exe : [31mΓ£ù[39m Build failed in 2.29s
At C:\Program Files\nodejs\npm.ps1:29 char:3
+   & $NODE_EXE $NPM_CLI_JS $args
+   ~~~~~~~~~~~~~~~~~~~~~~~~~~~~~
    + CategoryInfo          : NotSpecified: ([31mΓ£ù[39m Build failed in 2.29s:String) [], RemoteException
    + FullyQualifiedErrorId : NativeCommandError
 
[31merror during build:
[31mBuild failed with 4 errors:

[31m[builtin:vite-transform] [0mUnexpected token. Did you mean `{'}'}` or `&rbrace;`?
     [38;5;246mΓò¡[0m[38;5;246mΓöÇ[0m[38;5;246m[[0m src/pages/EmployeeDashboard.jsx:148:1 [38;5;246m][0m
     [38;5;246mΓöé[0m
 [38;5;246m148 Γöé[0m [38;5;249m}[0m
 [38;5;240m    Γöé[0m Γöé 
 [38;5;240m    Γöé[0m Γò░ΓöÇ 
[38;5;246mΓöÇΓöÇΓöÇΓöÇΓöÇΓò»[0m

[31m[builtin:vite-transform] [0mInvalid Unicode escape sequence
     [38;5;246mΓò¡[0m[38;5;246mΓöÇ[0m[38;5;246m[[0m src/components/EnterpriseCalendar.jsx:234:41 [38;5;246m][0m
     [38;5;246mΓöé[0m
 [38;5;246m234 Γöé[0m [38;5;249m [0m[38;5;249m [0m[38;5;249m [0m[38;5;249m [0m[38;5;249m [0m[38;5;249m 
[0m[38;5;249m [0m[38;5;249m [0m[38;5;249m [0m[38;5;249m [0m[38;5;249m [0m[38;5;249m [0m[38;5;249m 
[0m[38;5;249m [0m[38;5;249m [0m[38;5;249m [0m[38;5;249m [0m[38;5;249m [0m[38;5;249m [0m[38;5;249m 
[0m[38;5;249m [0m[38;5;249m [0m[38;5;249m [0m[38;5;249m [0m[38;5;249m [0m[38;5;249m [0m[38;5;249m 
[0m[38;5;249m [0m[38;5;249mc[0m[38;5;249ml[0m[38;5;249ma[0m[38;5;249ms[0m[38;5;249ms[0m[38;5;249mN[0m[3
8;5;249ma[0m[38;5;249mm[0m[38;5;249me[0m[38;5;249m=[0m[38;5;249m{[0m[38;5;249m\[0m`[38;5;249mt[0m[38;5;24
9me[0m[38;5;249mx[0m[38;5;249mt[0m[38;5;249m-[0m[38;5;249m[[0m[38;5;249m1[0m[38;5;249m0[0m[38;5;249mp[0m
[38;5;249mx[0m[38;5;249m][0m[38;5;249m [0m[38;5;249mf[0m[38;5;249mo[0m[38;5;249mn[0m[38;5;249mt[0m[38;5;
249m-[0m[38;5;249mb[0m[38;5;249mo[0m[38;5;249ml[0m[38;5;249md[0m[38;5;249m 
[0m[38;5;249mp[0m[38;5;249mx[0m[38;5;249m-[0m[38;5;249m1[0m[38;5;249m.[0m[38;5;249m5[0m[38;5;249m 
[0m[38;5;249mp[0m[38;5;249my[0m[38;5;249m-[0m[38;5;249m0[0m[38;5;249m.[0m[38;5;249m5[0m[38;5;249m [0m[3
8;5;249mr[0m[38;5;249mo[0m[38;5;249mu[0m[38;5;249mn[0m[38;5;249md[0m[38;5;249me[0m[38;5;249md[0m[38;5;249
m [0m[38;5;249mt[0m[38;5;249mr[0m[38;5;249mu[0m[38;5;249mn[0m[38;5;249mc[0m[38;5;249ma[0m[38;5;249mt[0m
[38;5;249me[0m[38;5;249m [0m[38;5;249mt[0m[38;5;249me[0m[38;5;249mx[0m[38;5;249mt[0m[38;5;249m-[0m[38;5;2
49mw[0m[38;5;249mh[0m[38;5;249mi[0m[38;5;249mt[0m[38;5;249me[0m[38;5;249m [0m[38;5;249m\[0m[38;5;249m$[0
m[38;5;249m{[0m[38;5;249mg[0m[38;5;249me[0m[38;5;249mt[0m[38;5;249mR[0m[38;5;249me[0m[38;5;249mm[0m[38;5
;249mi[0m[38;5;249mn[0m[38;5;249md[0m[38;5;249me[0m[38;5;249mr[0m[38;5;249mC[0m[38;5;249mo[0m[38;5;249ml
[0m[38;5;249mo[0m[38;5;249mr[0m[38;5;249m([0m[38;5;249mr[0m[38;5;249m.[0m[38;5;249mt[0m[38;5;249my[0m[38
;5;249mp[0m[38;5;249me[0m[38;5;249m)[0m[38;5;249m}[0m[38;5;249m\[0m[38;5;249m`[0m[38;5;249m}[0m
 [38;5;240m    Γöé[0m                                         Γö¼  
 [38;5;240m    Γöé[0m                                         Γò░ΓöÇΓöÇ 
[38;5;246mΓöÇΓöÇΓöÇΓöÇΓöÇΓò»[0m

[31m[builtin:vite-transform] [0mInvalid characters after number
     [38;5;246mΓò¡[0m[38;5;246mΓöÇ[0m[38;5;246m[[0m src/components/EnterpriseCalendar.jsx:234:50 [38;5;246m][0m
     [38;5;246mΓöé[0m
 [38;5;246m234 Γöé[0m [38;5;249m [0m[38;5;249m [0m[38;5;249m [0m[38;5;249m [0m[38;5;249m [0m[38;5;249m 
[0m[38;5;249m [0m[38;5;249m [0m[38;5;249m [0m[38;5;249m [0m[38;5;249m [0m[38;5;249m [0m[38;5;249m 
[0m[38;5;249m [0m[38;5;249m [0m[38;5;249m [0m[38;5;249m [0m[38;5;249m [0m[38;5;249m [0m[38;5;249m 
[0m[38;5;249m [0m[38;5;249m [0m[38;5;249m [0m[38;5;249m [0m[38;5;249m [0m[38;5;249m [0m[38;5;249m 
[0m[38;5;249m [0m[38;5;249mc[0m[38;5;249ml[0m[38;5;249ma[0m[38;5;249ms[0m[38;5;249ms[0m[38;5;249mN[0m[3
8;5;249ma[0m[38;5;249mm[0m[38;5;249me[0m[38;5;249m=[0m[38;5;249m{[0m[38;5;249m\[0m[38;5;249m`[0m[38;5;249
mt[0m[38;5;249me[0m[38;5;249mx[0m[38;5;249mt[0m[38;5;249m-[0m[38;5;249m[[0m[38;5;249m1[0m[38;5;249m0[0mp
x[38;5;249m][0m[38;5;249m [0m[38;5;249mf[0m[38;5;249mo[0m[38;5;249mn[0m[38;5;249mt[0m[38;5;249m-[0m[38;5
;249mb[0m[38;5;249mo[0m[38;5;249ml[0m[38;5;249md[0m[38;5;249m 
[0m[38;5;249mp[0m[38;5;249mx[0m[38;5;249m-[0m[38;5;249m1[0m[38;5;249m.[0m[38;5;249m5[0m[38;5;249m 
[0m[38;5;249mp[0m[38;5;249my[0m[38;5;249m-[0m[38;5;249m0[0m[38;5;249m.[0m[38;5;249m5[0m[38;5;249m [0m[3
8;5;249mr[0m[38;5;249mo[0m[38;5;249mu[0m[38;5;249mn[0m[38;5;249md[0m[38;5;249me[0m[38;5;249md[0m[38;5;249
m [0m[38;5;249mt[0m[38;5;249mr[0m[38;5;249mu[0m[38;5;249mn[0m[38;5;249mc[0m[38;5;249ma[0m[38;5;249mt[0m
[38;5;249me[0m[38;5;249m [0m[38;5;249mt[0m[38;5;249me[0m[38;5;249mx[0m[38;5;249mt[0m[38;5;249m-[0m[38;5;2
49mw[0m[38;5;249mh[0m[38;5;249mi[0m[38;5;249mt[0m[38;5;249me[0m[38;5;249m [0m[38;5;249m\[0m[38;5;249m$[0
m[38;5;249m{[0m[38;5;249mg[0m[38;5;249me[0m[38;5;249mt[0m[38;5;249mR[0m[38;5;249me[0m[38;5;249mm[0m[38;5
;249mi[0m[38;5;249mn[0m[38;5;249md[0m[38;5;249me[0m[38;5;249mr[0m[38;5;249mC[0m[38;5;249mo[0m[38;5;249ml
[0m[38;5;249mo[0m[38;5;249mr[0m[38;5;249m([0m[38;5;249mr[0m[38;5;249m.[0m[38;5;249mt[0m[38;5;249my[0m[38
;5;249mp[0m[38;5;249me[0m[38;5;249m)[0m[38;5;249m}[0m[38;5;249m\[0m[38;5;249m`[0m[38;5;249m}[0m
 [38;5;240m    Γöé[0m                                                  ΓöÇΓö¼  
 [38;5;240m    Γöé[0m                                                   Γò░ΓöÇΓöÇ 
[38;5;246mΓöÇΓöÇΓöÇΓöÇΓöÇΓò»[0m

[31m[builtin:vite-transform] [0mInvalid Unicode escape sequence
    [38;5;246mΓò¡[0m[38;5;246mΓöÇ[0m[38;5;246m[[0m src/components/TodaysScheduleWidget.jsx:58:35 [38;5;246m][0m
    [38;5;246mΓöé[0m
 [38;5;246m58 Γöé[0m [38;5;249m [0m[38;5;249m [0m[38;5;249m [0m[38;5;249m [0m[38;5;249m [0m[38;5;249m 
[0m[38;5;249m [0m[38;5;249m [0m[38;5;249m [0m[38;5;249m [0m[38;5;249m [0m[38;5;249m [0m[38;5;249m 
[0m[38;5;249m [0m[38;5;249m [0m[38;5;249m 
[0m[38;5;249m<[0m[38;5;249ms[0m[38;5;249mp[0m[38;5;249ma[0m[38;5;249mn[0m[38;5;249m [0m[38;5;249mc[0m[3
8;5;249ml[0m[38;5;249ma[0m[38;5;249ms[0m[38;5;249ms[0m[38;5;249mN[0m[38;5;249ma[0m[38;5;249mm[0m[38;5;249
me[0m[38;5;249m=[0m[38;5;249m{[0m[38;5;249m\[0m`[38;5;249mb[0m[38;5;249ml[0m[38;5;249mo[0m[38;5;249mc[0m
[38;5;249mk[0m[38;5;249m [0m[38;5;249mw[0m[38;5;249m-[0m[38;5;249m3[0m[38;5;249m 
[0m[38;5;249mh[0m[38;5;249m-[0m[38;5;249m3[0m[38;5;249m [0m[38;5;249mr[0m[38;5;249mo[0m[38;5;249mu[0m[3
8;5;249mn[0m[38;5;249md[0m[38;5;249me[0m[38;5;249md[0m[38;5;249m-[0m[38;5;249mf[0m[38;5;249mu[0m[38;5;249
ml[0m[38;5;249ml[0m[38;5;249m [0m[38;5;249m\[0m[38;5;249m$[0m[38;5;249m{[0m[38;5;249mg[0m[38;5;249me[0m
[38;5;249mt[0m[38;5;249mR[0m[38;5;249me[0m[38;5;249mm[0m[38;5;249mi[0m[38;5;249mn[0m[38;5;249md[0m[38;5;2
49me[0m[38;5;249mr[0m[38;5;249mC[0m[38;5;249mo[0m[38;5;249ml[0m[38;5;249mo[0m[38;5;249mr[0m[38;5;249m([0
m[38;5;249mr[0m[38;5;249m.[0m[38;5;249mt[0m[38;5;249my[0m[38;5;249mp[0m[38;5;249me[0m[38;5;249m)[0m[38;5
;249m}[0m[38;5;249m\[0m[38;5;249m`[0m[38;5;249m}[0m[38;5;249m>[0m[38;5;249m<[0m[38;5;249m/[0m[38;5;249ms
[0m[38;5;249mp[0m[38;5;249ma[0m[38;5;249mn[0m[38;5;249m>[0m
 [38;5;240m   Γöé[0m                                   Γö¼  
 [38;5;240m   Γöé[0m                                   Γò░ΓöÇΓöÇ 
[38;5;246mΓöÇΓöÇΓöÇΓöÇΓò»[0m
[31m
    at aggregateBindingErrorsIntoJsError 
(file:///C:/projects/Taskpilot/node_modules/rolldown/dist/shared/error-BlQ0-ek7.mjs:48:18)
    at unwrapBindingResult (file:///C:/projects/Taskpilot/node_modules/rolldown/dist/shared/error-BlQ0-ek7.mjs:18:128)
    at #build (file:///C:/projects/Taskpilot/node_modules/rolldown/dist/shared/rolldown-build-aV0QeeTW.mjs:3256:34)
    at async buildEnvironment (file:///C:/projects/Taskpilot/node_modules/vite/dist/node/chunks/node.js:32622:66)
    at async Object.build (file:///C:/projects/Taskpilot/node_modules/vite/dist/node/chunks/node.js:33044:19)
    at async Object.buildApp (file:///C:/projects/Taskpilot/node_modules/vite/dist/node/chunks/node.js:33041:153)
    at async CAC.<anonymous> (file:///C:/projects/Taskpilot/node_modules/vite/dist/node/cli.js:777:3) {
  errors: [Getter/Setter]
}[39m
